column: variant with hashes: [1609492067,1609492067,1609492067,1609492067,1609492067,3450695186,3450695186,3450695186,3450695186,3450695186,1212465068,1212465068,1212465068,1212465068,1212465068]