column: String with hashes: 13917509914607804624 with ptr: 1832