column: String with hashes: 13253097191375765782 with ptr: 1832