column: variant with hashes: [5538722551051340495,5538722551051340495,5538722551051340495,5538722551051340495,5538722551051340495,7371345925615203687,7371345925615203687,7371345925615203687,7371345925615203687,7371345925615203687,1653038164052872993,1653038164052872993,1653038164052872993,1653038164052872993,1653038164052872993]