column: String with hashes: 3746860718 with ptr: 1832