column: variant with hashes: 1798947085 with ptr: 15