column: String with hashes: 15865172168183921805 with ptr: 21042