column: variant with hashes: 11329750091889114476 with ptr: 15