column: String with hashes: 2827469108 with ptr: 21042