column: String with hashes: 2160150025770780689 with ptr: 21042